
ACS Cobol Xref v1.01.14          Dictionary File for GET-RESERVED-LISTS    05/11/14    Page    1
Symbols of Module: GET-RESERVED-LISTS (GET-RESERVED-LISTS)
----------------------------------------------------------

Data Section (FILE)              Defn    Locations
--------------------------------+---------------------------------------------------------------


FS-REPLY                        000068F  000071 000092 000154 000156 000157 000197 000199 000200
INT-RECORD                      000083F  000165 000174 000175 000182 000183
INTRINSIC-STREAM                000069F  000082 000153 000166 000168
RES-RECORD                      000080F  000209 000213 000214 000217 000222 000233 000234
RESERVE-STREAM                  000066F  000079 000196 000210 000219 000261
ACS Cobol Xref v1.01.14          Dictionary File for GET-RESERVED-LISTS    05/11/14    Page    2
Symbols of Module: GET-RESERVED-LISTS (GET-RESERVED-LISTS)
----------------------------------------------------------

Data Section (WORKING-STORAGE)   Defn    Locations
--------------------------------+---------------------------------------------------------------


ERROR-MESSAGES                  000097W
FS-REPLY                        000092W  000154 000156 000157 000197 000199 000200
MSG11                           000099W  000155
MSG12                           000100W  000198
MSG13                           000101W  000170
MSG14                           000102W  000263
PLACEMENT-RES                   000094W  000181 000182 000185 000232 000233 000238 000242
PLACEMENT-RES-STATE             000095W  000181 000183 000186 000232 000234 000243 000246
PROG-NAME                       000087W
RES-START                       000089W  000206 000223 000249
S-PTR                           000088W  000180 000182 000183 000231 000233 000234
WS-FUNCTION-TABLE-SIZE          000090W  000160 000169
WS-RESVD-TABLE-SIZE             000091W  000203 000262
ACS Cobol Xref v1.01.14          Dictionary File for GET-RESERVED-LISTS    05/11/14    Page    3
Symbols of Module: GET-RESERVED-LISTS (GET-RESERVED-LISTS)
----------------------------------------------------------

Data Section (LINKAGE)           Defn    Locations
--------------------------------+---------------------------------------------------------------


ADDITIONAL-RESERVED-WORDS-R     000126K  000135 000204
ALL-FUN-IDX                     000116K
ALL-FUNCTIONS                   000116K
FUNCTION-TABLE-R                000115K  000133 000161
FUNCTION-TABLE-SIZE             000119K  000134 000160 000162 000169 000184 000185 000187 000189
P-FUNCTION                      000116K  000118 000185
P-OC-IMPLEMENTED                000117K  000187 000189
RESERVED-NAMES                  000127K
RESVD-IDX                       000127K
RESVD-IMPLEMENTED               000128K  000244 000247 000250 000252
RESVD-TABLE-SIZE                000130K  000136 000203 000205 000241 000242 000244 000247 000250
                                         000252 000262
RESVD-WORD                      000127K  000129 000242
WS-RETURN-CODE                  000107K  000132 000142 000144 000157 000167 000200 000260
ACS Cobol Xref v1.01.14          Dictionary File for GET-RESERVED-LISTS    05/11/14    Page    4
Procedure                        Defn    Locations
--------------------------------+---------------------------------------------------------------


AA000-STARTUP                   000138S
AA010-INIT                      000139P
BA000-GET-INTRINSICS-WORDS      000151S  000143
BA010-INIT                      000152P
BA020-GET-THRU-BASE-DATA        000164P  000176 000191
CA000-GET-RESERVED-WORDS        000193S  000146
CA010-INIT                      000195P
CA020-GET-THRU-BASE-DATA        000208P  000215 000224 000239 000257
CA030-CLEAN-UP                  000259P  000211 000220
ACS Cobol Xref v1.01.14          Dictionary File for GET-RESERVED-LISTS    05/11/14    Page    5
Unreferenced Working Storage Symbols


ALL-FUN-IDX                     000116K
ALL-FUNCTIONS                   000116K
ERROR-MESSAGES                  000097W
PROG-NAME                       000087W
RESERVED-NAMES                  000127K
RESVD-IDX                       000127K
ACS Cobol Xref v1.01.14          Dictionary File for GET-RESERVED-LISTS    05/11/14    Page    6
Unreferenced Procedures


AA000-STARTUP                   000138S
AA010-INIT                      000139P
BA010-INIT                      000152P
CA010-INIT                      000195P
